======================================================================
Run 1/1  |  size=M  split=100%
Config : config/train_shakespeare_char_M.py
Out dir: out-shakespeare-M-split100
Log    : logs\train_M_split100.log
======================================================================
Command: C:\Code\_projects\nanoGPT-nlp\.venv\Scripts\python.exe train.py config/train_shakespeare_char_M.py --train_file=train_100.bin --out_dir=out-shakespeare-M-split100 --wandb_run_name=M-split100

C:\Code\_projects\nlp\nanoGPT\train.py:198: FutureWarning: `torch.cuda.amp.GradScaler(args...)` is deprecated. Please use `torch.amp.GradScaler('cuda', args...)` instead.
  scaler = torch.cuda.amp.GradScaler(enabled=(dtype == 'float16'))
Overriding config with config/train_shakespeare_char_M.py:
# Baseline configuration
out_dir = 'out-shakespeare-M'
eval_interval = 250
eval_iters = 200
log_interval = 10
always_save_checkpoint = False
wandb_log = False
wandb_project = 'nanoGPT-assignment'
wandb_run_name = 'baseline'
dataset = 'shakespeare_char'
gradient_accumulation_steps = 1
batch_size = 64
block_size = 256
n_layer = 6
n_head = 6
n_embd = 384
dropout = 0.2
learning_rate = 1e-3
max_iters = 5000
lr_decay_iters = 5000
min_lr = 1e-4
beta2 = 0.99
warmup_iters = 100
weight_decay = 1e-1
device = 'cuda' # change to 'cuda' if you have a GPU
compile = False  # torch.compile needs Triton (Linux); on Windows leave False

Overriding: train_file = train_100.bin
Overriding: out_dir = out-shakespeare-M-split100
Overriding: wandb_run_name = M-split100
tokens per iteration will be: 16,384
found vocab_size = 65 (inside data\shakespeare_char\meta.pkl)
Initializing a new model from scratch
number of parameters: 10.65M
num decayed parameter tensors: 26, with 10,740,096 parameters
num non-decayed parameter tensors: 13, with 4,992 parameters
using fused AdamW: True
step 0: train loss 4.2874, val loss 4.2823
iter 0: loss 4.2685, time 11962.45ms, mfu -100.00%
iter 10: loss 3.1468, time 94.65ms, mfu 3.94%
iter 20: loss 2.7312, time 93.96ms, mfu 3.94%
iter 30: loss 2.6211, time 91.49ms, mfu 3.95%
iter 40: loss 2.5699, time 93.89ms, mfu 3.95%
iter 50: loss 2.5245, time 92.55ms, mfu 3.96%
iter 60: loss 2.5108, time 94.21ms, mfu 3.96%
iter 70: loss 2.4992, time 90.85ms, mfu 3.98%
iter 80: loss 2.4942, time 93.39ms, mfu 3.98%
iter 90: loss 2.4658, time 92.97ms, mfu 3.98%
iter 100: loss 2.4639, time 93.89ms, mfu 3.98%
iter 110: loss 2.4581, time 93.72ms, mfu 3.98%
iter 120: loss 2.4265, time 78.67ms, mfu 4.05%
iter 130: loss 2.4111, time 94.88ms, mfu 4.04%
iter 140: loss 2.4161, time 95.26ms, mfu 4.03%
iter 150: loss 2.4152, time 94.63ms, mfu 4.02%
iter 160: loss 2.3790, time 94.61ms, mfu 4.01%
iter 170: loss 2.3541, time 93.82ms, mfu 4.01%
iter 180: loss 2.3046, time 93.43ms, mfu 4.01%
iter 190: loss 2.2455, time 95.42ms, mfu 4.00%
iter 200: loss 2.2212, time 92.79ms, mfu 4.00%
iter 210: loss 2.1518, time 91.21ms, mfu 4.01%
iter 220: loss 2.1417, time 94.20ms, mfu 4.00%
iter 230: loss 2.0731, time 92.83ms, mfu 4.00%
iter 240: loss 2.0726, time 95.27ms, mfu 3.99%
step 250: train loss 1.9666, val loss 2.0716
saving checkpoint to out-shakespeare-M-split100
iter 250: loss 2.0379, time 11885.66ms, mfu 3.60%
iter 260: loss 1.9797, time 93.17ms, mfu 3.64%
iter 270: loss 1.9694, time 93.83ms, mfu 3.67%
iter 280: loss 1.9743, time 93.70ms, mfu 3.70%
iter 290: loss 1.9187, time 93.69ms, mfu 3.73%
iter 300: loss 1.8979, time 94.05ms, mfu 3.75%
iter 310: loss 1.8626, time 79.70ms, mfu 3.84%
iter 320: loss 1.8510, time 79.56ms, mfu 3.93%
iter 330: loss 1.8284, time 92.64ms, mfu 3.94%
iter 340: loss 1.7883, time 92.63ms, mfu 3.95%
iter 350: loss 1.8314, time 92.24ms, mfu 3.96%
iter 360: loss 1.7800, time 92.68ms, mfu 3.96%
iter 370: loss 1.7395, time 94.24ms, mfu 3.96%
iter 380: loss 1.7241, time 93.09ms, mfu 3.97%
iter 390: loss 1.7360, time 94.03ms, mfu 3.97%
iter 400: loss 1.7574, time 94.43ms, mfu 3.96%
iter 410: loss 1.6941, time 93.58ms, mfu 3.97%
iter 420: loss 1.7160, time 93.43ms, mfu 3.97%
iter 430: loss 1.6861, time 94.10ms, mfu 3.97%
iter 440: loss 1.6627, time 92.84ms, mfu 3.97%
iter 450: loss 1.6528, time 93.54ms, mfu 3.97%
iter 460: loss 1.5998, time 107.49ms, mfu 3.92%
iter 470: loss 1.6590, time 93.98ms, mfu 3.93%
iter 480: loss 1.6222, time 93.87ms, mfu 3.93%
iter 490: loss 1.6005, time 92.46ms, mfu 3.94%
step 500: train loss 1.5245, val loss 1.7268
saving checkpoint to out-shakespeare-M-split100
iter 500: loss 1.5934, time 11620.37ms, mfu 3.55%
iter 510: loss 1.6016, time 92.59ms, mfu 3.60%
iter 520: loss 1.5883, time 78.75ms, mfu 3.71%
iter 530: loss 1.5538, time 93.53ms, mfu 3.74%
iter 540: loss 1.6153, time 93.21ms, mfu 3.76%
iter 550: loss 1.5624, time 93.70ms, mfu 3.79%
iter 560: loss 1.5737, time 93.27ms, mfu 3.81%
iter 570: loss 1.5673, time 95.20ms, mfu 3.82%
iter 580: loss 1.5314, time 91.22ms, mfu 3.84%
iter 590: loss 1.4971, time 93.16ms, mfu 3.86%
iter 600: loss 1.5130, time 92.12ms, mfu 3.88%
iter 610: loss 1.5423, time 96.66ms, mfu 3.88%
iter 620: loss 1.5267, time 93.47ms, mfu 3.89%
iter 630: loss 1.5116, time 94.01ms, mfu 3.89%
iter 640: loss 1.4627, time 94.21ms, mfu 3.90%
iter 650: loss 1.5012, time 95.30ms, mfu 3.90%
iter 660: loss 1.5130, time 92.80ms, mfu 3.91%
iter 670: loss 1.4486, time 92.75ms, mfu 3.92%
iter 680: loss 1.5018, time 93.85ms, mfu 3.93%
iter 690: loss 1.4543, time 92.79ms, mfu 3.94%
iter 700: loss 1.4933, time 93.80ms, mfu 3.94%
iter 710: loss 1.4562, time 79.16ms, mfu 4.02%
iter 720: loss 1.4436, time 93.63ms, mfu 4.01%
iter 730: loss 1.4209, time 93.37ms, mfu 4.01%
iter 740: loss 1.4217, time 92.25ms, mfu 4.01%
step 750: train loss 1.3613, val loss 1.5853
saving checkpoint to out-shakespeare-M-split100
iter 750: loss 1.4315, time 11669.53ms, mfu 3.62%
iter 760: loss 1.4408, time 92.75ms, mfu 3.66%
iter 770: loss 1.4244, time 78.04ms, mfu 3.77%
iter 780: loss 1.4195, time 92.12ms, mfu 3.80%
iter 790: loss 1.4244, time 94.86ms, mfu 3.81%
iter 800: loss 1.4245, time 79.12ms, mfu 3.90%
iter 810: loss 1.3993, time 79.50ms, mfu 3.98%
iter 820: loss 1.3987, time 93.70ms, mfu 3.98%
iter 830: loss 1.3879, time 79.70ms, mfu 4.05%
iter 840: loss 1.4071, time 93.58ms, mfu 4.04%
iter 850: loss 1.3819, time 92.68ms, mfu 4.04%
iter 860: loss 1.3912, time 93.77ms, mfu 4.03%
iter 870: loss 1.3982, time 92.37ms, mfu 4.03%
iter 880: loss 1.3743, time 94.89ms, mfu 4.02%
iter 890: loss 1.3909, time 94.35ms, mfu 4.01%
iter 900: loss 1.3697, time 92.33ms, mfu 4.02%
iter 910: loss 1.3204, time 93.85ms, mfu 4.01%
iter 920: loss 1.3554, time 93.31ms, mfu 4.01%
iter 930: loss 1.3561, time 92.59ms, mfu 4.01%
iter 940: loss 1.3474, time 93.44ms, mfu 4.01%
iter 950: loss 1.3596, time 93.15ms, mfu 4.01%
iter 960: loss 1.3627, time 79.15ms, mfu 4.08%
iter 970: loss 1.3586, time 94.17ms, mfu 4.07%
iter 980: loss 1.3540, time 92.62ms, mfu 4.06%
iter 990: loss 1.3332, time 93.55ms, mfu 4.05%
step 1000: train loss 1.2704, val loss 1.5177
saving checkpoint to out-shakespeare-M-split100
iter 1000: loss 1.3352, time 11744.80ms, mfu 3.65%
iter 1010: loss 1.3330, time 92.51ms, mfu 3.69%
iter 1020: loss 1.3123, time 92.36ms, mfu 3.72%
iter 1030: loss 1.3344, time 93.68ms, mfu 3.75%
iter 1040: loss 1.3616, time 93.36ms, mfu 3.77%
iter 1050: loss 1.2879, time 92.36ms, mfu 3.80%
iter 1060: loss 1.3349, time 80.11ms, mfu 3.88%
iter 1070: loss 1.3262, time 92.64ms, mfu 3.90%
iter 1080: loss 1.3339, time 93.69ms, mfu 3.91%
iter 1090: loss 1.3499, time 96.38ms, mfu 3.90%
iter 1100: loss 1.3111, time 94.56ms, mfu 3.91%
iter 1110: loss 1.3033, time 94.41ms, mfu 3.91%
iter 1120: loss 1.2969, time 93.40ms, mfu 3.92%
iter 1130: loss 1.2929, time 92.55ms, mfu 3.93%
iter 1140: loss 1.2972, time 93.30ms, mfu 3.94%
iter 1150: loss 1.3097, time 93.07ms, mfu 3.94%
iter 1160: loss 1.3324, time 94.01ms, mfu 3.94%
iter 1170: loss 1.2962, time 97.75ms, mfu 3.93%
iter 1180: loss 1.3176, time 94.08ms, mfu 3.93%
iter 1190: loss 1.2760, time 107.03ms, mfu 3.89%
iter 1200: loss 1.2866, time 93.44ms, mfu 3.90%
iter 1210: loss 1.2709, time 92.38ms, mfu 3.91%
iter 1220: loss 1.3005, time 95.56ms, mfu 3.91%
iter 1230: loss 1.2996, time 92.02ms, mfu 3.92%
iter 1240: loss 1.3046, time 92.80ms, mfu 3.93%
step 1250: train loss 1.2094, val loss 1.5026
saving checkpoint to out-shakespeare-M-split100
iter 1250: loss 1.2799, time 12062.10ms, mfu 3.54%
iter 1260: loss 1.2813, time 79.85ms, mfu 3.66%
iter 1270: loss 1.2624, time 93.40ms, mfu 3.69%
iter 1280: loss 1.2543, time 93.94ms, mfu 3.72%
iter 1290: loss 1.2861, time 93.41ms, mfu 3.74%
iter 1300: loss 1.3044, time 93.29ms, mfu 3.77%
iter 1310: loss 1.2365, time 106.20ms, mfu 3.74%
iter 1320: loss 1.3025, time 79.16ms, mfu 3.84%
iter 1330: loss 1.2621, time 93.66ms, mfu 3.85%
iter 1340: loss 1.2907, time 94.95ms, mfu 3.86%
iter 1350: loss 1.2594, time 92.81ms, mfu 3.88%
iter 1360: loss 1.2697, time 93.34ms, mfu 3.89%
iter 1370: loss 1.2568, time 93.61ms, mfu 3.90%
iter 1380: loss 1.2655, time 80.72ms, mfu 3.97%
iter 1390: loss 1.2491, time 93.43ms, mfu 3.97%
iter 1400: loss 1.2536, time 79.28ms, mfu 4.04%
iter 1410: loss 1.2474, time 93.07ms, mfu 4.04%
iter 1420: loss 1.2683, time 92.92ms, mfu 4.04%
iter 1430: loss 1.2448, time 94.33ms, mfu 4.03%
iter 1440: loss 1.2538, time 81.18ms, mfu 4.08%
iter 1450: loss 1.2305, time 80.28ms, mfu 4.14%
iter 1460: loss 1.2352, time 78.60ms, mfu 4.20%
iter 1470: loss 1.2231, time 92.57ms, mfu 4.18%
iter 1480: loss 1.2146, time 94.77ms, mfu 4.16%
iter 1490: loss 1.2369, time 93.89ms, mfu 4.14%
step 1500: train loss 1.1544, val loss 1.4762
saving checkpoint to out-shakespeare-M-split100
iter 1500: loss 1.1865, time 12003.20ms, mfu 3.73%
iter 1510: loss 1.2283, time 92.78ms, mfu 3.76%
iter 1520: loss 1.2259, time 80.56ms, mfu 3.84%
iter 1530: loss 1.2552, time 93.05ms, mfu 3.86%
iter 1540: loss 1.1891, time 93.99ms, mfu 3.87%
iter 1550: loss 1.2264, time 94.91ms, mfu 3.88%
iter 1560: loss 1.2026, time 95.65ms, mfu 3.88%
iter 1570: loss 1.2336, time 92.03ms, mfu 3.89%
iter 1580: loss 1.2116, time 95.71ms, mfu 3.89%
iter 1590: loss 1.1897, time 93.23ms, mfu 3.90%
iter 1600: loss 1.1961, time 93.99ms, mfu 3.91%
iter 1610: loss 1.2377, time 94.73ms, mfu 3.91%
iter 1620: loss 1.1833, time 93.61ms, mfu 3.92%
iter 1630: loss 1.2064, time 93.72ms, mfu 3.93%
iter 1640: loss 1.2036, time 93.85ms, mfu 3.93%
iter 1650: loss 1.1808, time 78.21ms, mfu 4.01%
iter 1660: loss 1.2184, time 94.90ms, mfu 4.00%
iter 1670: loss 1.1956, time 94.52ms, mfu 4.00%
iter 1680: loss 1.1964, time 93.62ms, mfu 4.00%
iter 1690: loss 1.2056, time 94.13ms, mfu 3.99%
iter 1700: loss 1.1919, time 93.58ms, mfu 3.99%
iter 1710: loss 1.1801, time 94.60ms, mfu 3.99%
iter 1720: loss 1.1843, time 94.28ms, mfu 3.98%
iter 1730: loss 1.1983, time 94.40ms, mfu 3.98%
iter 1740: loss 1.1681, time 92.98ms, mfu 3.98%
step 1750: train loss 1.1015, val loss 1.4637
saving checkpoint to out-shakespeare-M-split100
iter 1750: loss 1.1860, time 11975.90ms, mfu 3.59%
iter 1760: loss 1.1864, time 94.51ms, mfu 3.62%
iter 1770: loss 1.1913, time 77.94ms, mfu 3.74%
iter 1780: loss 1.1947, time 93.71ms, mfu 3.76%
iter 1790: loss 1.2047, time 95.65ms, mfu 3.78%
iter 1800: loss 1.1844, time 93.70ms, mfu 3.80%
iter 1810: loss 1.1630, time 93.63ms, mfu 3.81%
iter 1820: loss 1.1640, time 93.27ms, mfu 3.83%
iter 1830: loss 1.1650, time 93.79ms, mfu 3.85%
iter 1840: loss 1.1554, time 96.45ms, mfu 3.85%
iter 1850: loss 1.1630, time 93.25ms, mfu 3.86%
iter 1860: loss 1.1726, time 95.43ms, mfu 3.87%
iter 1870: loss 1.1436, time 94.93ms, mfu 3.87%
iter 1880: loss 1.1811, time 93.59ms, mfu 3.88%
iter 1890: loss 1.1780, time 91.40ms, mfu 3.90%
iter 1900: loss 1.1284, time 81.68ms, mfu 3.97%
iter 1910: loss 1.1666, time 95.02ms, mfu 3.96%
iter 1920: loss 1.1730, time 94.33ms, mfu 3.96%
iter 1930: loss 1.1470, time 81.65ms, mfu 4.02%
iter 1940: loss 1.1250, time 92.46ms, mfu 4.02%
iter 1950: loss 1.1397, time 93.33ms, mfu 4.02%
iter 1960: loss 1.1508, time 93.75ms, mfu 4.02%
iter 1970: loss 1.1493, time 93.09ms, mfu 4.01%
iter 1980: loss 1.1492, time 94.61ms, mfu 4.01%
iter 1990: loss 1.1557, time 93.20ms, mfu 4.01%
step 2000: train loss 1.0604, val loss 1.4751
iter 2000: loss 1.1300, time 11871.28ms, mfu 3.61%
iter 2010: loss 1.1317, time 79.15ms, mfu 3.72%
iter 2020: loss 1.1299, time 94.69ms, mfu 3.74%
iter 2030: loss 1.1491, time 92.13ms, mfu 3.77%
iter 2040: loss 1.1400, time 93.02ms, mfu 3.79%
iter 2050: loss 1.1184, time 80.09ms, mfu 3.88%
iter 2060: loss 1.1005, time 93.27ms, mfu 3.89%
iter 2070: loss 1.1314, time 92.72ms, mfu 3.90%
iter 2080: loss 1.1248, time 92.90ms, mfu 3.91%
iter 2090: loss 1.1308, time 93.40ms, mfu 3.92%
iter 2100: loss 1.1341, time 92.71ms, mfu 3.93%
iter 2110: loss 1.1356, time 94.15ms, mfu 3.93%
iter 2120: loss 1.1245, time 92.95ms, mfu 3.94%
iter 2130: loss 1.1356, time 93.03ms, mfu 3.95%
iter 2140: loss 1.1392, time 93.56ms, mfu 3.95%
iter 2150: loss 1.1235, time 94.61ms, mfu 3.95%
iter 2160: loss 1.1439, time 93.85ms, mfu 3.95%
iter 2170: loss 1.1357, time 93.58ms, mfu 3.96%
iter 2180: loss 1.1124, time 92.79ms, mfu 3.96%
iter 2190: loss 1.1051, time 93.98ms, mfu 3.96%
iter 2200: loss 1.1229, time 93.16ms, mfu 3.97%
iter 2210: loss 1.1208, time 94.98ms, mfu 3.96%
iter 2220: loss 1.1181, time 91.79ms, mfu 3.97%
iter 2230: loss 1.1209, time 94.25ms, mfu 3.97%
iter 2240: loss 1.1228, time 93.09ms, mfu 3.97%
step 2250: train loss 1.0108, val loss 1.4814
iter 2250: loss 1.1127, time 11987.50ms, mfu 3.58%
iter 2260: loss 1.1111, time 95.52ms, mfu 3.61%
iter 2270: loss 1.1250, time 91.72ms, mfu 3.66%
iter 2280: loss 1.0977, time 93.66ms, mfu 3.69%
iter 2290: loss 1.1364, time 92.69ms, mfu 3.72%
iter 2300: loss 1.1226, time 93.04ms, mfu 3.75%
iter 2310: loss 1.0937, time 94.09ms, mfu 3.77%
iter 2320: loss 1.0935, time 93.11ms, mfu 3.79%
iter 2330: loss 1.0973, time 93.70ms, mfu 3.81%
iter 2340: loss 1.1169, time 92.81ms, mfu 3.83%
iter 2350: loss 1.1116, time 92.49ms, mfu 3.85%
iter 2360: loss 1.1087, time 94.28ms, mfu 3.86%
iter 2370: loss 1.0949, time 94.51ms, mfu 3.87%
iter 2380: loss 1.0743, time 81.30ms, mfu 3.94%
iter 2390: loss 1.0802, time 92.67ms, mfu 3.95%
iter 2400: loss 1.0747, time 92.55ms, mfu 3.96%
iter 2410: loss 1.0747, time 93.66ms, mfu 3.96%
iter 2420: loss 1.0773, time 93.02ms, mfu 3.96%
iter 2430: loss 1.0580, time 94.00ms, mfu 3.96%
iter 2440: loss 1.0560, time 80.66ms, mfu 4.03%
iter 2450: loss 1.0679, time 95.93ms, mfu 4.01%
iter 2460: loss 1.0860, time 92.85ms, mfu 4.01%
iter 2470: loss 1.0876, time 93.24ms, mfu 4.01%
iter 2480: loss 1.0818, time 79.02ms, mfu 4.08%
iter 2490: loss 1.0599, time 95.66ms, mfu 4.06%
step 2500: train loss 0.9599, val loss 1.4885
iter 2500: loss 1.0803, time 11867.67ms, mfu 3.66%
iter 2510: loss 1.0661, time 95.23ms, mfu 3.69%
iter 2520: loss 1.0485, time 94.78ms, mfu 3.71%
iter 2530: loss 1.0547, time 80.55ms, mfu 3.80%
iter 2540: loss 1.0534, time 95.27ms, mfu 3.81%
iter 2550: loss 1.0665, time 93.00ms, mfu 3.83%
iter 2560: loss 1.0580, time 79.41ms, mfu 3.92%
iter 2570: loss 1.0732, time 96.47ms, mfu 3.91%
iter 2580: loss 1.0770, time 93.21ms, mfu 3.92%
iter 2590: loss 1.0682, time 107.46ms, mfu 3.88%
iter 2600: loss 1.0632, time 94.93ms, mfu 3.88%
iter 2610: loss 1.0553, time 94.04ms, mfu 3.89%
iter 2620: loss 1.0490, time 93.85ms, mfu 3.90%
iter 2630: loss 1.0292, time 93.73ms, mfu 3.91%
iter 2640: loss 1.0496, time 79.89ms, mfu 3.98%
iter 2650: loss 1.0626, time 93.43ms, mfu 3.98%
iter 2660: loss 1.0380, time 78.70ms, mfu 4.06%
iter 2670: loss 1.0168, time 92.07ms, mfu 4.06%
iter 2680: loss 1.0483, time 94.00ms, mfu 4.05%
iter 2690: loss 1.0503, time 94.66ms, mfu 4.04%
iter 2700: loss 1.0256, time 80.27ms, mfu 4.10%
iter 2710: loss 1.0450, time 93.08ms, mfu 4.09%
iter 2720: loss 1.0435, time 94.03ms, mfu 4.07%
iter 2730: loss 1.0621, time 79.52ms, mfu 4.14%
iter 2740: loss 1.0285, time 94.89ms, mfu 4.11%
step 2750: train loss 0.9181, val loss 1.5070
iter 2750: loss 1.0354, time 11864.76ms, mfu 3.71%
iter 2760: loss 1.0286, time 92.59ms, mfu 3.74%
iter 2770: loss 1.0237, time 94.44ms, mfu 3.76%
iter 2780: loss 1.0271, time 93.01ms, mfu 3.78%
iter 2790: loss 1.0407, time 93.84ms, mfu 3.80%
iter 2800: loss 1.0095, time 92.84ms, mfu 3.82%
iter 2810: loss 1.0399, time 92.57ms, mfu 3.84%
iter 2820: loss 1.0228, time 93.61ms, mfu 3.86%
iter 2830: loss 1.0228, time 94.62ms, mfu 3.87%
iter 2840: loss 0.9977, time 94.24ms, mfu 3.87%
iter 2850: loss 1.0272, time 93.25ms, mfu 3.89%
iter 2860: loss 1.0226, time 94.05ms, mfu 3.89%
iter 2870: loss 1.0176, time 92.89ms, mfu 3.91%
iter 2880: loss 1.0346, time 78.99ms, mfu 3.99%
iter 2890: loss 1.0084, time 94.82ms, mfu 3.98%
iter 2900: loss 0.9905, time 93.98ms, mfu 3.98%
iter 2910: loss 1.0324, time 92.25ms, mfu 3.99%
iter 2920: loss 1.0110, time 94.13ms, mfu 3.98%
iter 2930: loss 0.9947, time 93.51ms, mfu 3.98%
iter 2940: loss 0.9927, time 94.11ms, mfu 3.98%
iter 2950: loss 1.0219, time 92.55ms, mfu 3.99%
iter 2960: loss 0.9975, time 94.19ms, mfu 3.98%
iter 2970: loss 0.9862, time 94.89ms, mfu 3.98%
iter 2980: loss 0.9971, time 92.45ms, mfu 3.98%
iter 2990: loss 0.9891, time 92.69ms, mfu 3.99%
step 3000: train loss 0.8716, val loss 1.5169
iter 3000: loss 0.9792, time 11732.28ms, mfu 3.59%
iter 3010: loss 1.0012, time 92.27ms, mfu 3.64%
iter 3020: loss 0.9983, time 94.64ms, mfu 3.67%
iter 3030: loss 0.9993, time 92.22ms, mfu 3.70%
iter 3040: loss 1.0201, time 93.53ms, mfu 3.73%
iter 3050: loss 0.9778, time 79.08ms, mfu 3.83%
iter 3060: loss 0.9953, time 79.36ms, mfu 3.92%
iter 3070: loss 1.0218, time 91.81ms, mfu 3.93%
iter 3080: loss 0.9908, time 93.99ms, mfu 3.93%
iter 3090: loss 0.9861, time 92.66ms, mfu 3.94%
iter 3100: loss 0.9968, time 93.87ms, mfu 3.95%
iter 3110: loss 0.9750, time 94.00ms, mfu 3.95%
iter 3120: loss 0.9971, time 94.33ms, mfu 3.95%
iter 3130: loss 0.9859, time 93.03ms, mfu 3.95%
iter 3140: loss 0.9864, time 93.50ms, mfu 3.96%
iter 3150: loss 0.9948, time 93.78ms, mfu 3.96%
iter 3160: loss 1.0060, time 93.20ms, mfu 3.96%
iter 3170: loss 0.9612, time 94.14ms, mfu 3.96%
iter 3180: loss 0.9741, time 94.75ms, mfu 3.96%
iter 3190: loss 0.9905, time 78.28ms, mfu 4.04%
iter 3200: loss 0.9647, time 92.97ms, mfu 4.04%
iter 3210: loss 0.9724, time 93.74ms, mfu 4.03%
iter 3220: loss 0.9635, time 93.39ms, mfu 4.03%
iter 3230: loss 0.9537, time 92.44ms, mfu 4.03%
iter 3240: loss 0.9574, time 92.71ms, mfu 4.03%
step 3250: train loss 0.8268, val loss 1.5510
iter 3250: loss 0.9752, time 11749.43ms, mfu 3.63%
iter 3260: loss 0.9715, time 94.09ms, mfu 3.66%
iter 3270: loss 0.9735, time 93.30ms, mfu 3.69%
iter 3280: loss 0.9471, time 92.42ms, mfu 3.73%
iter 3290: loss 0.9476, time 93.38ms, mfu 3.75%
iter 3300: loss 0.9407, time 80.46ms, mfu 3.84%
iter 3310: loss 0.9620, time 94.81ms, mfu 3.85%
iter 3320: loss 0.9650, time 93.70ms, mfu 3.86%
iter 3330: loss 0.9685, time 94.07ms, mfu 3.87%
iter 3340: loss 0.9608, time 80.00ms, mfu 3.95%
iter 3350: loss 0.9550, time 92.68ms, mfu 3.96%
iter 3360: loss 0.9257, time 92.92ms, mfu 3.96%
iter 3370: loss 0.9623, time 93.74ms, mfu 3.96%
iter 3380: loss 0.9477, time 93.55ms, mfu 3.97%
iter 3390: loss 0.9502, time 94.67ms, mfu 3.96%
iter 3400: loss 0.9589, time 93.11ms, mfu 3.97%
iter 3410: loss 0.9533, time 93.47ms, mfu 3.97%
iter 3420: loss 0.9384, time 93.91ms, mfu 3.97%
iter 3430: loss 0.9466, time 94.25ms, mfu 3.97%
iter 3440: loss 0.9774, time 93.17ms, mfu 3.97%
iter 3450: loss 0.9575, time 93.25ms, mfu 3.97%
iter 3460: loss 0.9400, time 93.59ms, mfu 3.97%
iter 3470: loss 0.9424, time 78.41ms, mfu 4.05%
iter 3480: loss 0.9422, time 94.64ms, mfu 4.04%
iter 3490: loss 0.9152, time 95.14ms, mfu 4.03%
step 3500: train loss 0.7855, val loss 1.5645
iter 3500: loss 0.9066, time 11500.62ms, mfu 3.63%
iter 3510: loss 0.9238, time 92.46ms, mfu 3.67%
iter 3520: loss 0.9193, time 78.92ms, mfu 3.77%
iter 3530: loss 0.9554, time 92.25ms, mfu 3.80%
iter 3540: loss 0.9309, time 93.21ms, mfu 3.82%
iter 3550: loss 0.9229, time 95.53ms, mfu 3.83%
iter 3560: loss 0.9604, time 93.96ms, mfu 3.84%
iter 3570: loss 0.9357, time 91.76ms, mfu 3.86%
iter 3580: loss 0.9338, time 92.73ms, mfu 3.88%
iter 3590: loss 0.9273, time 93.18ms, mfu 3.89%
iter 3600: loss 0.9284, time 93.46ms, mfu 3.90%
iter 3610: loss 0.9169, time 79.02ms, mfu 3.98%
iter 3620: loss 0.9144, time 92.58ms, mfu 3.99%
iter 3630: loss 0.9259, time 94.05ms, mfu 3.98%
iter 3640: loss 0.9113, time 94.16ms, mfu 3.98%
iter 3650: loss 0.9066, time 78.35ms, mfu 4.06%
iter 3660: loss 0.9359, time 93.53ms, mfu 4.05%
iter 3670: loss 0.9405, time 80.58ms, mfu 4.11%
iter 3680: loss 0.9139, time 77.07ms, mfu 4.18%
iter 3690: loss 0.9398, time 92.68ms, mfu 4.17%
iter 3700: loss 0.8805, time 94.36ms, mfu 4.14%
iter 3710: loss 0.8850, time 95.57ms, mfu 4.12%
iter 3720: loss 0.9116, time 94.96ms, mfu 4.10%
iter 3730: loss 0.9056, time 93.16ms, mfu 4.09%
iter 3740: loss 0.8997, time 92.27ms, mfu 4.08%
step 3750: train loss 0.7454, val loss 1.6000
iter 3750: loss 0.9070, time 11507.74ms, mfu 3.68%
iter 3760: loss 0.9339, time 92.87ms, mfu 3.71%
iter 3770: loss 0.9311, time 94.95ms, mfu 3.73%
iter 3780: loss 0.9222, time 93.79ms, mfu 3.76%
iter 3790: loss 0.8977, time 93.20ms, mfu 3.78%
iter 3800: loss 0.9145, time 92.53ms, mfu 3.81%
iter 3810: loss 0.9174, time 95.72ms, mfu 3.81%
iter 3820: loss 0.8895, time 95.73ms, mfu 3.82%
iter 3830: loss 0.9015, time 94.11ms, mfu 3.84%
iter 3840: loss 0.8905, time 93.00ms, mfu 3.85%
iter 3850: loss 0.8866, time 95.33ms, mfu 3.86%
iter 3860: loss 0.8695, time 94.26ms, mfu 3.87%
iter 3870: loss 0.8933, time 94.66ms, mfu 3.88%
iter 3880: loss 0.8934, time 80.66ms, mfu 3.95%
iter 3890: loss 0.8968, time 93.75ms, mfu 3.95%
iter 3900: loss 0.8869, time 93.71ms, mfu 3.95%
iter 3910: loss 0.8951, time 92.17ms, mfu 3.96%
iter 3920: loss 0.8785, time 92.32ms, mfu 3.97%
iter 3930: loss 0.8959, time 92.88ms, mfu 3.97%
iter 3940: loss 0.8750, time 93.80ms, mfu 3.97%
iter 3950: loss 0.8889, time 122.84ms, mfu 3.88%
iter 3960: loss 0.9107, time 220.56ms, mfu 3.66%
iter 3970: loss 0.8949, time 79.11ms, mfu 3.77%
iter 3980: loss 0.9090, time 222.27ms, mfu 3.56%
iter 3990: loss 0.8772, time 236.34ms, mfu 3.36%
step 4000: train loss 0.7132, val loss 1.6179
iter 4000: loss 0.8596, time 28901.51ms, mfu 3.02%
iter 4010: loss 0.8803, time 235.12ms, mfu 2.88%
iter 4020: loss 0.8854, time 237.08ms, mfu 2.75%
iter 4030: loss 0.8788, time 236.14ms, mfu 2.63%
iter 4040: loss 0.8874, time 237.09ms, mfu 2.53%
iter 4050: loss 0.8757, time 233.91ms, mfu 2.43%
iter 4060: loss 0.8692, time 233.20ms, mfu 2.35%
iter 4070: loss 0.8567, time 236.09ms, mfu 2.27%
iter 4080: loss 0.8839, time 236.45ms, mfu 2.20%
iter 4090: loss 0.8502, time 237.49ms, mfu 2.14%
iter 4100: loss 0.9019, time 235.64ms, mfu 2.08%
iter 4110: loss 0.8698, time 236.22ms, mfu 2.03%
iter 4120: loss 0.8774, time 237.57ms, mfu 1.99%
iter 4130: loss 0.8633, time 236.89ms, mfu 1.95%
iter 4140: loss 0.8761, time 236.98ms, mfu 1.91%
iter 4150: loss 0.8746, time 235.87ms, mfu 1.88%
iter 4160: loss 0.8650, time 236.21ms, mfu 1.85%
iter 4170: loss 0.8750, time 236.95ms, mfu 1.82%
iter 4180: loss 0.8723, time 239.20ms, mfu 1.79%
iter 4190: loss 0.8686, time 236.56ms, mfu 1.77%
iter 4200: loss 0.8587, time 236.83ms, mfu 1.75%
iter 4210: loss 0.8784, time 221.87ms, mfu 1.74%
iter 4220: loss 0.8619, time 237.75ms, mfu 1.73%
iter 4230: loss 0.8857, time 235.62ms, mfu 1.71%
iter 4240: loss 0.8696, time 236.17ms, mfu 1.70%
step 4250: train loss 0.6828, val loss 1.6475
iter 4250: loss 0.8819, time 28837.12ms, mfu 1.53%
iter 4260: loss 0.8610, time 238.01ms, mfu 1.53%
iter 4270: loss 0.8635, time 237.89ms, mfu 1.54%
iter 4280: loss 0.8562, time 222.47ms, mfu 1.55%
iter 4290: loss 0.8284, time 236.67ms, mfu 1.55%
iter 4300: loss 0.8379, time 237.71ms, mfu 1.55%
iter 4310: loss 0.8499, time 238.53ms, mfu 1.56%
iter 4320: loss 0.8368, time 237.77ms, mfu 1.56%
iter 4330: loss 0.8643, time 223.33ms, mfu 1.57%
iter 4340: loss 0.8332, time 236.08ms, mfu 1.57%
iter 4350: loss 0.8404, time 236.25ms, mfu 1.57%
iter 4360: loss 0.8612, time 235.95ms, mfu 1.57%
iter 4370: loss 0.8563, time 224.19ms, mfu 1.58%
iter 4380: loss 0.8347, time 238.74ms, mfu 1.58%
iter 4390: loss 0.8710, time 236.52ms, mfu 1.58%
iter 4400: loss 0.8432, time 233.41ms, mfu 1.58%
iter 4410: loss 0.8654, time 236.91ms, mfu 1.58%
iter 4420: loss 0.8618, time 239.04ms, mfu 1.58%
iter 4430: loss 0.8463, time 221.95ms, mfu 1.59%
iter 4440: loss 0.8425, time 225.12ms, mfu 1.59%
iter 4450: loss 0.8536, time 234.52ms, mfu 1.59%
iter 4460: loss 0.8325, time 236.97ms, mfu 1.59%
iter 4470: loss 0.8430, time 235.48ms, mfu 1.59%
iter 4480: loss 0.8342, time 234.77ms, mfu 1.59%
iter 4490: loss 0.8474, time 247.18ms, mfu 1.58%
step 4500: train loss 0.6579, val loss 1.6645
iter 4500: loss 0.8597, time 19482.97ms, mfu 1.43%
iter 4510: loss 0.8468, time 158.50ms, mfu 1.52%
iter 4520: loss 0.8325, time 157.38ms, mfu 1.60%
iter 4530: loss 0.8587, time 157.49ms, mfu 1.68%
iter 4540: loss 0.8633, time 157.09ms, mfu 1.75%
iter 4550: loss 0.8788, time 156.16ms, mfu 1.81%
iter 4560: loss 0.8422, time 160.44ms, mfu 1.86%
iter 4570: loss 0.8547, time 157.90ms, mfu 1.91%
iter 4580: loss 0.8538, time 158.26ms, mfu 1.96%
iter 4590: loss 0.8539, time 144.86ms, mfu 2.02%
iter 4600: loss 0.8268, time 143.28ms, mfu 2.08%
iter 4610: loss 0.8776, time 157.26ms, mfu 2.11%
iter 4620: loss 0.8340, time 160.05ms, mfu 2.13%
iter 4630: loss 0.8323, time 159.07ms, mfu 2.15%
iter 4640: loss 0.8394, time 158.11ms, mfu 2.17%
iter 4650: loss 0.8586, time 156.08ms, mfu 2.19%
iter 4660: loss 0.8485, time 157.19ms, mfu 2.21%
iter 4670: loss 0.8415, time 156.48ms, mfu 2.23%
iter 4680: loss 0.8479, time 156.24ms, mfu 2.24%
iter 4690: loss 0.8432, time 157.77ms, mfu 2.25%
iter 4700: loss 0.8177, time 158.13ms, mfu 2.26%
iter 4710: loss 0.7942, time 157.65ms, mfu 2.27%
iter 4720: loss 0.8354, time 236.80ms, mfu 2.20%
iter 4730: loss 0.8294, time 238.12ms, mfu 2.14%
iter 4740: loss 0.8288, time 236.46ms, mfu 2.08%
step 4750: train loss 0.6402, val loss 1.6795
iter 4750: loss 0.8097, time 28767.27ms, mfu 1.88%
iter 4760: loss 0.8242, time 237.03ms, mfu 1.85%
iter 4770: loss 0.8000, time 221.89ms, mfu 1.83%
iter 4780: loss 0.8095, time 237.67ms, mfu 1.80%
iter 4790: loss 0.8428, time 235.54ms, mfu 1.78%
iter 4800: loss 0.8246, time 236.85ms, mfu 1.76%
iter 4810: loss 0.8461, time 236.58ms, mfu 1.74%
iter 4820: loss 0.8170, time 220.82ms, mfu 1.74%
iter 4830: loss 0.8128, time 234.56ms, mfu 1.72%
iter 4840: loss 0.8342, time 237.01ms, mfu 1.71%
iter 4850: loss 0.8244, time 235.77ms, mfu 1.69%
iter 4860: loss 0.8134, time 223.29ms, mfu 1.69%
iter 4870: loss 0.7948, time 221.16ms, mfu 1.69%
iter 4880: loss 0.8347, time 236.47ms, mfu 1.68%
iter 4890: loss 0.8166, time 235.50ms, mfu 1.67%
iter 4900: loss 0.8094, time 238.85ms, mfu 1.66%
iter 4910: loss 0.8402, time 224.44ms, mfu 1.66%
iter 4920: loss 0.8260, time 221.96ms, mfu 1.66%
iter 4930: loss 0.8057, time 235.21ms, mfu 1.65%
iter 4940: loss 0.8056, time 236.39ms, mfu 1.65%
iter 4950: loss 0.8320, time 222.28ms, mfu 1.65%
iter 4960: loss 0.8324, time 235.95ms, mfu 1.64%
iter 4970: loss 0.7929, time 234.32ms, mfu 1.64%
iter 4980: loss 0.7929, time 223.48ms, mfu 1.64%
iter 4990: loss 0.8261, time 237.22ms, mfu 1.63%
step 5000: train loss 0.6259, val loss 1.6934
iter 5000: loss 0.8161, time 28837.84ms, mfu 1.47%
Total FLOPS: 5281425653760000

Exit code: 0
