======================================================================
Run 1/1  |  size=S  split=100%
Config : config/train_shakespeare_char_S.py
Out dir: out-shakespeare-S-split100
Log    : logs\train_S_split100.log
======================================================================
Command: C:\Code\_projects\nanoGPT-nlp\.venv\Scripts\python.exe train.py config/train_shakespeare_char_S.py --train_file=train_100.bin --out_dir=out-shakespeare-S-split100 --wandb_run_name=S-split100

C:\Code\_projects\nlp\nanoGPT\train.py:198: FutureWarning: `torch.cuda.amp.GradScaler(args...)` is deprecated. Please use `torch.amp.GradScaler('cuda', args...)` instead.
  scaler = torch.cuda.amp.GradScaler(enabled=(dtype == 'float16'))
Overriding config with config/train_shakespeare_char_S.py:
# Baseline configuration
out_dir = 'out-shakespeare-S'
eval_interval = 250
eval_iters = 200
log_interval = 10
always_save_checkpoint = False
wandb_log = False
wandb_project = 'nanoGPT-assignment'
wandb_run_name = 'baseline'
dataset = 'shakespeare_char'
gradient_accumulation_steps = 1
batch_size = 64
block_size = 256
n_layer = 4
n_head = 4
n_embd = 128
dropout = 0.2
learning_rate = 1e-3
max_iters = 5000
lr_decay_iters = 5000
min_lr = 1e-4
beta2 = 0.99
warmup_iters = 100
weight_decay = 1e-1
device = 'cuda' # change to 'cuda' if you have a GPU
compile = False  # torch.compile needs Triton (Linux); on Windows leave False

Overriding: train_file = train_100.bin
Overriding: out_dir = out-shakespeare-S-split100
Overriding: wandb_run_name = S-split100
tokens per iteration will be: 16,384
found vocab_size = 65 (inside data\shakespeare_char\meta.pkl)
Initializing a new model from scratch
number of parameters: 0.80M
num decayed parameter tensors: 18, with 827,520 parameters
num non-decayed parameter tensors: 9, with 1,152 parameters
using fused AdamW: True
step 0: train loss 4.1913, val loss 4.1903
iter 0: loss 4.1938, time 3175.56ms, mfu -100.00%
iter 10: loss 3.7796, time 14.94ms, mfu 2.23%
iter 20: loss 3.5773, time 17.87ms, mfu 2.19%
iter 30: loss 3.2936, time 9.33ms, mfu 2.33%
iter 40: loss 3.0590, time 9.66ms, mfu 2.44%
iter 50: loss 2.8693, time 24.49ms, mfu 2.34%
iter 60: loss 2.7569, time 9.22ms, mfu 2.46%
iter 70: loss 2.6921, time 20.73ms, mfu 2.38%
iter 80: loss 2.6413, time 15.56ms, mfu 2.35%
iter 90: loss 2.5977, time 9.84ms, mfu 2.46%
iter 100: loss 2.5822, time 11.94ms, mfu 2.49%
iter 110: loss 2.5416, time 9.12ms, mfu 2.61%
iter 120: loss 2.5447, time 14.93ms, mfu 2.57%
iter 130: loss 2.5220, time 22.68ms, mfu 2.46%
iter 140: loss 2.5092, time 17.32ms, mfu 2.41%
iter 150: loss 2.5254, time 10.06ms, mfu 2.50%
iter 160: loss 2.5135, time 22.92ms, mfu 2.39%
iter 170: loss 2.4989, time 15.47ms, mfu 2.37%
iter 180: loss 2.4981, time 9.38ms, mfu 2.49%
iter 190: loss 2.4654, time 21.56ms, mfu 2.39%
iter 200: loss 2.4720, time 19.50ms, mfu 2.33%
iter 210: loss 2.4807, time 11.31ms, mfu 2.39%
iter 220: loss 2.4661, time 19.66ms, mfu 2.32%
iter 230: loss 2.4677, time 15.93ms, mfu 2.30%
iter 240: loss 2.4682, time 19.61ms, mfu 2.24%
step 250: train loss 2.4294, val loss 2.4357
saving checkpoint to out-shakespeare-S-split100
iter 250: loss 2.4552, time 2727.78ms, mfu 2.01%
iter 260: loss 2.4420, time 15.85ms, mfu 2.02%
iter 270: loss 2.4280, time 17.86ms, mfu 2.01%
iter 280: loss 2.4385, time 9.36ms, mfu 2.16%
iter 290: loss 2.4242, time 9.79ms, mfu 2.29%
iter 300: loss 2.4035, time 15.41ms, mfu 2.27%
iter 310: loss 2.4122, time 9.55ms, mfu 2.40%
iter 320: loss 2.3740, time 22.33ms, mfu 2.31%
iter 330: loss 2.4064, time 9.66ms, mfu 2.42%
iter 340: loss 2.3990, time 9.25ms, mfu 2.54%
iter 350: loss 2.3954, time 22.52ms, mfu 2.43%
iter 360: loss 2.3949, time 16.23ms, mfu 2.39%
iter 370: loss 2.3724, time 9.14ms, mfu 2.52%
iter 380: loss 2.3542, time 12.50ms, mfu 2.53%
iter 390: loss 2.3418, time 9.36ms, mfu 2.64%
iter 400: loss 2.3449, time 9.53ms, mfu 2.72%
iter 410: loss 2.3439, time 9.19ms, mfu 2.81%
iter 420: loss 2.3183, time 13.86ms, mfu 2.77%
iter 430: loss 2.3628, time 9.25ms, mfu 2.86%
iter 440: loss 2.3051, time 17.58ms, mfu 2.76%
iter 450: loss 2.2851, time 9.50ms, mfu 2.84%
iter 460: loss 2.3236, time 22.69ms, mfu 2.70%
iter 470: loss 2.2840, time 9.21ms, mfu 2.79%
iter 480: loss 2.2740, time 23.54ms, mfu 2.65%
iter 490: loss 2.2756, time 24.53ms, mfu 2.52%
step 500: train loss 2.1554, val loss 2.1970
saving checkpoint to out-shakespeare-S-split100
iter 500: loss 2.2600, time 2761.99ms, mfu 2.27%
iter 510: loss 2.2489, time 25.94ms, mfu 2.17%
iter 520: loss 2.2280, time 9.24ms, mfu 2.32%
iter 530: loss 2.2290, time 18.05ms, mfu 2.27%
iter 540: loss 2.2100, time 15.59ms, mfu 2.26%
iter 550: loss 2.2158, time 22.45ms, mfu 2.18%
iter 560: loss 2.2337, time 10.06ms, mfu 2.29%
iter 570: loss 2.1956, time 9.64ms, mfu 2.41%
iter 580: loss 2.1958, time 12.54ms, mfu 2.43%
iter 590: loss 2.1662, time 9.70ms, mfu 2.53%
iter 600: loss 2.1633, time 9.02ms, mfu 2.65%
iter 610: loss 2.1599, time 22.99ms, mfu 2.53%
iter 620: loss 2.1445, time 14.96ms, mfu 2.50%
iter 630: loss 2.1484, time 9.23ms, mfu 2.61%
iter 640: loss 2.1363, time 9.20ms, mfu 2.71%
iter 650: loss 2.1324, time 9.58ms, mfu 2.79%
iter 660: loss 2.1213, time 17.17ms, mfu 2.71%
iter 670: loss 2.1424, time 23.96ms, mfu 2.57%
iter 680: loss 2.1151, time 10.29ms, mfu 2.64%
iter 690: loss 2.1089, time 9.28ms, mfu 2.74%
iter 700: loss 2.1162, time 24.71ms, mfu 2.60%
iter 710: loss 2.0858, time 9.64ms, mfu 2.68%
iter 720: loss 2.0838, time 22.77ms, mfu 2.56%
iter 730: loss 2.0795, time 9.32ms, mfu 2.66%
iter 740: loss 2.0584, time 19.21ms, mfu 2.57%
step 750: train loss 1.9069, val loss 2.0187
saving checkpoint to out-shakespeare-S-split100
iter 750: loss 2.0578, time 2719.62ms, mfu 2.31%
iter 760: loss 2.0505, time 15.50ms, mfu 2.30%
iter 770: loss 2.0312, time 9.28ms, mfu 2.43%
iter 780: loss 2.0298, time 15.66ms, mfu 2.40%
iter 790: loss 2.0140, time 9.88ms, mfu 2.50%
iter 800: loss 2.0279, time 9.16ms, mfu 2.61%
iter 810: loss 1.9959, time 13.66ms, mfu 2.59%
iter 820: loss 1.9978, time 9.59ms, mfu 2.68%
iter 830: loss 1.9902, time 21.21ms, mfu 2.57%
iter 840: loss 2.0066, time 9.45ms, mfu 2.67%
iter 850: loss 1.9503, time 10.10ms, mfu 2.73%
iter 860: loss 1.9761, time 13.24ms, mfu 2.71%
iter 870: loss 1.9457, time 9.12ms, mfu 2.80%
iter 880: loss 1.9672, time 25.38ms, mfu 2.65%
iter 890: loss 1.9783, time 9.54ms, mfu 2.74%
iter 900: loss 1.9377, time 21.21ms, mfu 2.62%
iter 910: loss 1.9733, time 9.57ms, mfu 2.71%
iter 920: loss 1.9419, time 15.43ms, mfu 2.65%
iter 930: loss 1.9235, time 25.34ms, mfu 2.52%
iter 940: loss 1.9522, time 18.50ms, mfu 2.45%
iter 950: loss 1.9284, time 9.09ms, mfu 2.57%
iter 960: loss 1.9132, time 21.47ms, mfu 2.47%
iter 970: loss 1.9202, time 9.48ms, mfu 2.57%
iter 980: loss 1.9094, time 9.42ms, mfu 2.67%
iter 990: loss 1.8846, time 16.97ms, mfu 2.60%
step 1000: train loss 1.7543, val loss 1.9026
saving checkpoint to out-shakespeare-S-split100
iter 1000: loss 1.8714, time 2714.32ms, mfu 2.34%
iter 1010: loss 1.9081, time 18.76ms, mfu 2.28%
iter 1020: loss 1.8780, time 9.47ms, mfu 2.41%
iter 1030: loss 1.9178, time 21.39ms, mfu 2.32%
iter 1040: loss 1.8795, time 9.25ms, mfu 2.45%
iter 1050: loss 1.9115, time 21.12ms, mfu 2.36%
iter 1060: loss 1.9020, time 17.74ms, mfu 2.32%
iter 1070: loss 1.8791, time 10.92ms, mfu 2.39%
iter 1080: loss 1.8805, time 25.45ms, mfu 2.28%
iter 1090: loss 1.8852, time 9.19ms, mfu 2.42%
iter 1100: loss 1.8479, time 13.85ms, mfu 2.41%
iter 1110: loss 1.8945, time 22.48ms, mfu 2.32%
iter 1120: loss 1.8572, time 17.96ms, mfu 2.28%
iter 1130: loss 1.8631, time 23.49ms, mfu 2.19%
iter 1140: loss 1.8359, time 20.35ms, mfu 2.13%
iter 1150: loss 1.8551, time 8.94ms, mfu 2.29%
iter 1160: loss 1.8306, time 15.73ms, mfu 2.28%
iter 1170: loss 1.8254, time 9.22ms, mfu 2.41%
iter 1180: loss 1.8162, time 22.10ms, mfu 2.32%
iter 1190: loss 1.7935, time 9.07ms, mfu 2.46%
iter 1200: loss 1.8192, time 19.77ms, mfu 2.38%
iter 1210: loss 1.8249, time 13.05ms, mfu 2.40%
iter 1220: loss 1.8055, time 17.70ms, mfu 2.35%
iter 1230: loss 1.8123, time 15.17ms, mfu 2.33%
iter 1240: loss 1.8302, time 24.90ms, mfu 2.23%
step 1250: train loss 1.6620, val loss 1.8438
saving checkpoint to out-shakespeare-S-split100
iter 1250: loss 1.8117, time 2743.70ms, mfu 2.01%
iter 1260: loss 1.8180, time 9.30ms, mfu 2.17%
iter 1270: loss 1.7795, time 32.35ms, mfu 2.05%
iter 1280: loss 1.7902, time 22.78ms, mfu 1.99%
iter 1290: loss 1.8234, time 14.75ms, mfu 2.02%
iter 1300: loss 1.7987, time 19.94ms, mfu 1.99%
iter 1310: loss 1.7983, time 12.64ms, mfu 2.05%
iter 1320: loss 1.7978, time 17.39ms, mfu 2.04%
iter 1330: loss 1.7576, time 9.44ms, mfu 2.19%
iter 1340: loss 1.7992, time 12.89ms, mfu 2.23%
iter 1350: loss 1.7670, time 9.18ms, mfu 2.37%
iter 1360: loss 1.7747, time 20.48ms, mfu 2.29%
iter 1370: loss 1.7495, time 9.20ms, mfu 2.43%
iter 1380: loss 1.8049, time 9.54ms, mfu 2.53%
iter 1390: loss 1.7737, time 10.17ms, mfu 2.61%
iter 1400: loss 1.8048, time 19.90ms, mfu 2.51%
iter 1410: loss 1.7943, time 9.27ms, mfu 2.62%
iter 1420: loss 1.7194, time 15.15ms, mfu 2.58%
iter 1430: loss 1.7464, time 9.61ms, mfu 2.67%
iter 1440: loss 1.7520, time 19.59ms, mfu 2.57%
iter 1450: loss 1.7709, time 26.37ms, mfu 2.44%
iter 1460: loss 1.7272, time 9.44ms, mfu 2.55%
iter 1470: loss 1.7412, time 22.52ms, mfu 2.44%
iter 1480: loss 1.7262, time 21.78ms, mfu 2.35%
iter 1490: loss 1.7562, time 14.63ms, mfu 2.35%
step 1500: train loss 1.5974, val loss 1.7727
saving checkpoint to out-shakespeare-S-split100
iter 1500: loss 1.7440, time 2733.12ms, mfu 2.11%
iter 1510: loss 1.7100, time 9.15ms, mfu 2.26%
iter 1520: loss 1.7134, time 9.16ms, mfu 2.40%
iter 1530: loss 1.7419, time 20.83ms, mfu 2.32%
iter 1540: loss 1.7069, time 12.90ms, mfu 2.35%
iter 1550: loss 1.7343, time 16.06ms, mfu 2.32%
iter 1560: loss 1.7036, time 9.23ms, mfu 2.45%
iter 1570: loss 1.7307, time 22.79ms, mfu 2.35%
iter 1580: loss 1.6699, time 13.71ms, mfu 2.36%
iter 1590: loss 1.7246, time 9.84ms, mfu 2.46%
iter 1600: loss 1.6973, time 20.87ms, mfu 2.38%
iter 1610: loss 1.6990, time 15.82ms, mfu 2.35%
iter 1620: loss 1.7065, time 9.19ms, mfu 2.48%
iter 1630: loss 1.6903, time 19.77ms, mfu 2.40%
iter 1640: loss 1.7182, time 12.84ms, mfu 2.42%
iter 1650: loss 1.7651, time 10.02ms, mfu 2.51%
iter 1660: loss 1.7237, time 21.52ms, mfu 2.41%
iter 1670: loss 1.6959, time 15.85ms, mfu 2.38%
iter 1680: loss 1.7392, time 9.38ms, mfu 2.50%
iter 1690: loss 1.6832, time 15.24ms, mfu 2.47%
iter 1700: loss 1.7166, time 9.36ms, mfu 2.58%
iter 1710: loss 1.6843, time 15.76ms, mfu 2.53%
iter 1720: loss 1.7095, time 17.83ms, mfu 2.46%
iter 1730: loss 1.7294, time 9.27ms, mfu 2.58%
iter 1740: loss 1.6824, time 20.80ms, mfu 2.48%
step 1750: train loss 1.5540, val loss 1.7373
saving checkpoint to out-shakespeare-S-split100
iter 1750: loss 1.6846, time 2775.23ms, mfu 2.23%
iter 1760: loss 1.6797, time 13.06ms, mfu 2.27%
iter 1770: loss 1.7022, time 18.92ms, mfu 2.22%
iter 1780: loss 1.7185, time 18.61ms, mfu 2.17%
iter 1790: loss 1.6956, time 9.17ms, mfu 2.32%
iter 1800: loss 1.6599, time 9.72ms, mfu 2.43%
iter 1810: loss 1.6912, time 12.71ms, mfu 2.45%
iter 1820: loss 1.6809, time 20.04ms, mfu 2.37%
iter 1830: loss 1.6759, time 12.21ms, mfu 2.41%
iter 1840: loss 1.6932, time 9.09ms, mfu 2.53%
iter 1850: loss 1.6737, time 22.09ms, mfu 2.43%
iter 1860: loss 1.6876, time 9.70ms, mfu 2.53%
iter 1870: loss 1.6642, time 22.70ms, mfu 2.42%
iter 1880: loss 1.6829, time 9.19ms, mfu 2.55%
iter 1890: loss 1.6851, time 9.22ms, mfu 2.65%
iter 1900: loss 1.6656, time 12.51ms, mfu 2.65%
iter 1910: loss 1.7002, time 9.39ms, mfu 2.74%
iter 1920: loss 1.6779, time 10.14ms, mfu 2.80%
iter 1930: loss 1.6760, time 12.90ms, mfu 2.78%
iter 1940: loss 1.6751, time 15.29ms, mfu 2.72%
iter 1950: loss 1.6564, time 12.69ms, mfu 2.71%
iter 1960: loss 1.6787, time 9.11ms, mfu 2.80%
iter 1970: loss 1.6320, time 19.67ms, mfu 2.69%
iter 1980: loss 1.6586, time 15.45ms, mfu 2.64%
iter 1990: loss 1.6478, time 9.43ms, mfu 2.73%
step 2000: train loss 1.5209, val loss 1.7163
saving checkpoint to out-shakespeare-S-split100
iter 2000: loss 1.6463, time 2723.35ms, mfu 2.46%
iter 2010: loss 1.6651, time 10.32ms, mfu 2.53%
iter 2020: loss 1.6684, time 15.31ms, mfu 2.50%
iter 2030: loss 1.6661, time 15.80ms, mfu 2.46%
iter 2040: loss 1.6513, time 9.67ms, mfu 2.56%
iter 2050: loss 1.6343, time 13.04ms, mfu 2.56%
iter 2060: loss 1.6348, time 10.11ms, mfu 2.63%
iter 2070: loss 1.6401, time 23.88ms, mfu 2.51%
iter 2080: loss 1.6516, time 9.51ms, mfu 2.61%
iter 2090: loss 1.6551, time 9.16ms, mfu 2.71%
iter 2100: loss 1.6433, time 22.97ms, mfu 2.59%
iter 2110: loss 1.6763, time 9.10ms, mfu 2.69%
iter 2120: loss 1.6581, time 20.01ms, mfu 2.59%
iter 2130: loss 1.6367, time 14.87ms, mfu 2.56%
iter 2140: loss 1.6465, time 9.33ms, mfu 2.66%
iter 2150: loss 1.6677, time 13.15ms, mfu 2.65%
iter 2160: loss 1.6392, time 9.63ms, mfu 2.73%
iter 2170: loss 1.6483, time 16.61ms, mfu 2.65%
iter 2180: loss 1.6117, time 26.91ms, mfu 2.51%
iter 2190: loss 1.6152, time 9.81ms, mfu 2.60%
iter 2200: loss 1.6224, time 15.32ms, mfu 2.56%
iter 2210: loss 1.6365, time 9.37ms, mfu 2.66%
iter 2220: loss 1.6499, time 15.32ms, mfu 2.61%
iter 2230: loss 1.6505, time 9.44ms, mfu 2.70%
iter 2240: loss 1.6489, time 20.40ms, mfu 2.60%
step 2250: train loss 1.4967, val loss 1.6824
saving checkpoint to out-shakespeare-S-split100
iter 2250: loss 1.6373, time 2933.21ms, mfu 2.34%
iter 2260: loss 1.6543, time 9.98ms, mfu 2.44%
iter 2270: loss 1.6641, time 21.61ms, mfu 2.35%
iter 2280: loss 1.6084, time 9.24ms, mfu 2.47%
iter 2290: loss 1.6161, time 9.30ms, mfu 2.59%
iter 2300: loss 1.6109, time 9.45ms, mfu 2.68%
iter 2310: loss 1.6128, time 19.40ms, mfu 2.58%
iter 2320: loss 1.6270, time 8.94ms, mfu 2.70%
iter 2330: loss 1.6374, time 9.97ms, mfu 2.76%
iter 2340: loss 1.6475, time 9.21ms, mfu 2.85%
iter 2350: loss 1.6214, time 15.48ms, mfu 2.78%
iter 2360: loss 1.6180, time 9.81ms, mfu 2.84%
iter 2370: loss 1.6101, time 25.81ms, mfu 2.69%
iter 2380: loss 1.6164, time 9.78ms, mfu 2.76%
iter 2390: loss 1.6130, time 24.66ms, mfu 2.62%
iter 2400: loss 1.6155, time 12.56ms, mfu 2.62%
iter 2410: loss 1.6074, time 9.72ms, mfu 2.70%
iter 2420: loss 1.6165, time 20.91ms, mfu 2.59%
iter 2430: loss 1.5836, time 24.94ms, mfu 2.47%
iter 2440: loss 1.5955, time 10.05ms, mfu 2.55%
iter 2450: loss 1.6269, time 21.31ms, mfu 2.45%
iter 2460: loss 1.6090, time 12.95ms, mfu 2.46%
iter 2470: loss 1.5835, time 9.30ms, mfu 2.58%
iter 2480: loss 1.6168, time 15.89ms, mfu 2.53%
iter 2490: loss 1.6115, time 9.21ms, mfu 2.64%
step 2500: train loss 1.4747, val loss 1.6654
saving checkpoint to out-shakespeare-S-split100
iter 2500: loss 1.6081, time 2737.60ms, mfu 2.37%
iter 2510: loss 1.6125, time 9.05ms, mfu 2.51%
iter 2520: loss 1.6214, time 22.86ms, mfu 2.40%
iter 2530: loss 1.6093, time 9.56ms, mfu 2.51%
iter 2540: loss 1.6008, time 21.61ms, mfu 2.41%
iter 2550: loss 1.6113, time 9.22ms, mfu 2.53%
iter 2560: loss 1.5976, time 22.06ms, mfu 2.43%
iter 2570: loss 1.6443, time 10.56ms, mfu 2.50%
iter 2580: loss 1.6244, time 22.57ms, mfu 2.40%
iter 2590: loss 1.5760, time 9.26ms, mfu 2.52%
iter 2600: loss 1.5978, time 22.65ms, mfu 2.42%
iter 2610: loss 1.5775, time 9.58ms, mfu 2.52%
iter 2620: loss 1.6169, time 19.60ms, mfu 2.44%
iter 2630: loss 1.5848, time 20.83ms, mfu 2.36%
iter 2640: loss 1.5786, time 22.25ms, mfu 2.27%
iter 2650: loss 1.5782, time 9.29ms, mfu 2.40%
iter 2660: loss 1.5817, time 11.24ms, mfu 2.46%
iter 2670: loss 1.5534, time 9.41ms, mfu 2.57%
iter 2680: loss 1.5569, time 16.17ms, mfu 2.52%
iter 2690: loss 1.6004, time 26.61ms, mfu 2.39%
iter 2700: loss 1.6087, time 15.97ms, mfu 2.36%
iter 2710: loss 1.5979, time 22.47ms, mfu 2.27%
iter 2720: loss 1.5691, time 12.67ms, mfu 2.31%
iter 2730: loss 1.5967, time 10.24ms, mfu 2.40%
iter 2740: loss 1.5589, time 22.44ms, mfu 2.31%
step 2750: train loss 1.4493, val loss 1.6467
saving checkpoint to out-shakespeare-S-split100
iter 2750: loss 1.6004, time 2755.97ms, mfu 2.08%
iter 2760: loss 1.5983, time 9.69ms, mfu 2.22%
iter 2770: loss 1.6067, time 9.37ms, mfu 2.35%
iter 2780: loss 1.5842, time 12.82ms, mfu 2.38%
iter 2790: loss 1.5869, time 8.96ms, mfu 2.51%
iter 2800: loss 1.5794, time 10.95ms, mfu 2.56%
iter 2810: loss 1.5733, time 16.12ms, mfu 2.51%
iter 2820: loss 1.5402, time 24.86ms, mfu 2.40%
iter 2830: loss 1.5763, time 10.04ms, mfu 2.49%
iter 2840: loss 1.5705, time 15.64ms, mfu 2.45%
iter 2850: loss 1.5459, time 11.81ms, mfu 2.49%
iter 2860: loss 1.5812, time 14.60ms, mfu 2.47%
iter 2870: loss 1.5649, time 22.86ms, mfu 2.37%
iter 2880: loss 1.5794, time 9.39ms, mfu 2.49%
iter 2890: loss 1.5869, time 21.14ms, mfu 2.40%
iter 2900: loss 1.5751, time 15.04ms, mfu 2.38%
iter 2910: loss 1.6054, time 9.91ms, mfu 2.48%
iter 2920: loss 1.5638, time 19.13ms, mfu 2.40%
iter 2930: loss 1.5892, time 10.29ms, mfu 2.49%
iter 2940: loss 1.6036, time 9.13ms, mfu 2.60%
iter 2950: loss 1.5850, time 20.99ms, mfu 2.50%
iter 2960: loss 1.5642, time 19.08ms, mfu 2.43%
iter 2970: loss 1.5694, time 11.14ms, mfu 2.48%
iter 2980: loss 1.5780, time 8.94ms, mfu 2.61%
iter 2990: loss 1.6128, time 18.85ms, mfu 2.52%
step 3000: train loss 1.4368, val loss 1.6322
saving checkpoint to out-shakespeare-S-split100
iter 3000: loss 1.5701, time 2748.59ms, mfu 2.27%
iter 3010: loss 1.5158, time 9.02ms, mfu 2.41%
iter 3020: loss 1.5696, time 9.14ms, mfu 2.54%
iter 3030: loss 1.6053, time 21.88ms, mfu 2.44%
iter 3040: loss 1.5625, time 18.55ms, mfu 2.37%
iter 3050: loss 1.5747, time 15.85ms, mfu 2.35%
iter 3060: loss 1.5725, time 16.06ms, mfu 2.32%
iter 3070: loss 1.5407, time 19.60ms, mfu 2.26%
iter 3080: loss 1.5677, time 9.54ms, mfu 2.38%
iter 3090: loss 1.5695, time 18.81ms, mfu 2.32%
iter 3100: loss 1.5818, time 16.27ms, mfu 2.29%
iter 3110: loss 1.5819, time 9.35ms, mfu 2.42%
iter 3120: loss 1.5539, time 9.78ms, mfu 2.52%
iter 3130: loss 1.5724, time 23.23ms, mfu 2.41%
iter 3140: loss 1.5519, time 9.19ms, mfu 2.53%
iter 3150: loss 1.5730, time 23.93ms, mfu 2.42%
iter 3160: loss 1.5775, time 10.60ms, mfu 2.49%
iter 3170: loss 1.5674, time 9.12ms, mfu 2.61%
iter 3180: loss 1.6174, time 22.00ms, mfu 2.50%
iter 3190: loss 1.5088, time 15.94ms, mfu 2.46%
iter 3200: loss 1.5858, time 9.37ms, mfu 2.57%
iter 3210: loss 1.5634, time 23.98ms, mfu 2.45%
iter 3220: loss 1.5683, time 13.48ms, mfu 2.45%
iter 3230: loss 1.5815, time 9.40ms, mfu 2.56%
iter 3240: loss 1.5535, time 9.28ms, mfu 2.66%
step 3250: train loss 1.4240, val loss 1.6108
saving checkpoint to out-shakespeare-S-split100
iter 3250: loss 1.5610, time 2738.23ms, mfu 2.40%
iter 3260: loss 1.5634, time 9.34ms, mfu 2.52%
iter 3270: loss 1.5436, time 19.25ms, mfu 2.44%
iter 3280: loss 1.5294, time 9.30ms, mfu 2.55%
iter 3290: loss 1.5321, time 19.57ms, mfu 2.47%
iter 3300: loss 1.5443, time 16.08ms, mfu 2.43%
iter 3310: loss 1.5578, time 9.58ms, mfu 2.53%
iter 3320: loss 1.5572, time 23.27ms, mfu 2.42%
iter 3330: loss 1.5413, time 22.47ms, mfu 2.33%
iter 3340: loss 1.5274, time 9.51ms, mfu 2.45%
iter 3350: loss 1.5517, time 9.47ms, mfu 2.55%
iter 3360: loss 1.5354, time 15.96ms, mfu 2.51%
iter 3370: loss 1.5680, time 9.24ms, mfu 2.62%
iter 3380: loss 1.5434, time 22.03ms, mfu 2.51%
iter 3390: loss 1.5747, time 15.92ms, mfu 2.47%
iter 3400: loss 1.5491, time 9.81ms, mfu 2.56%
iter 3410: loss 1.5232, time 22.67ms, mfu 2.45%
iter 3420: loss 1.5746, time 9.14ms, mfu 2.57%
iter 3430: loss 1.5521, time 9.78ms, mfu 2.65%
iter 3440: loss 1.5442, time 15.08ms, mfu 2.61%
iter 3450: loss 1.5356, time 9.49ms, mfu 2.70%
iter 3460: loss 1.5514, time 18.78ms, mfu 2.61%
iter 3470: loss 1.5502, time 21.51ms, mfu 2.50%
iter 3480: loss 1.5229, time 17.60ms, mfu 2.44%
iter 3490: loss 1.5432, time 9.20ms, mfu 2.56%
step 3500: train loss 1.4146, val loss 1.6113
iter 3500: loss 1.5550, time 2718.34ms, mfu 2.30%
iter 3510: loss 1.5420, time 13.68ms, mfu 2.32%
iter 3520: loss 1.5356, time 9.21ms, mfu 2.45%
iter 3530: loss 1.5303, time 15.80ms, mfu 2.41%
iter 3540: loss 1.5433, time 9.40ms, mfu 2.53%
iter 3550: loss 1.5344, time 8.93ms, mfu 2.65%
iter 3560: loss 1.5258, time 18.47ms, mfu 2.56%
iter 3570: loss 1.5542, time 9.11ms, mfu 2.67%
iter 3580: loss 1.5388, time 16.63ms, mfu 2.61%
iter 3590: loss 1.5636, time 12.04ms, mfu 2.62%
iter 3600: loss 1.5325, time 9.22ms, mfu 2.72%
iter 3610: loss 1.5322, time 9.29ms, mfu 2.81%
iter 3620: loss 1.5787, time 9.19ms, mfu 2.89%
iter 3630: loss 1.5255, time 17.51ms, mfu 2.79%
iter 3640: loss 1.5428, time 9.46ms, mfu 2.87%
iter 3650: loss 1.5346, time 22.71ms, mfu 2.73%
iter 3660: loss 1.5484, time 9.31ms, mfu 2.81%
iter 3670: loss 1.5062, time 9.48ms, mfu 2.88%
iter 3680: loss 1.5513, time 21.38ms, mfu 2.75%
iter 3690: loss 1.5457, time 15.55ms, mfu 2.69%
iter 3700: loss 1.5526, time 9.21ms, mfu 2.78%
iter 3710: loss 1.5557, time 8.89ms, mfu 2.88%
iter 3720: loss 1.5101, time 20.08ms, mfu 2.76%
iter 3730: loss 1.5532, time 12.85ms, mfu 2.74%
iter 3740: loss 1.5466, time 15.19ms, mfu 2.69%
step 3750: train loss 1.4030, val loss 1.6041
saving checkpoint to out-shakespeare-S-split100
iter 3750: loss 1.5584, time 2725.26ms, mfu 2.42%
iter 3760: loss 1.5342, time 15.66ms, mfu 2.39%
iter 3770: loss 1.5132, time 9.42ms, mfu 2.50%
iter 3780: loss 1.5579, time 14.34ms, mfu 2.49%
iter 3790: loss 1.4849, time 14.60ms, mfu 2.47%
iter 3800: loss 1.5359, time 9.81ms, mfu 2.56%
iter 3810: loss 1.5669, time 19.13ms, mfu 2.48%
iter 3820: loss 1.5344, time 13.37ms, mfu 2.48%
iter 3830: loss 1.5587, time 9.57ms, mfu 2.58%
iter 3840: loss 1.5167, time 20.25ms, mfu 2.49%
iter 3850: loss 1.5412, time 19.49ms, mfu 2.41%
iter 3860: loss 1.5188, time 21.56ms, mfu 2.32%
iter 3870: loss 1.5103, time 9.47ms, mfu 2.44%
iter 3880: loss 1.5327, time 21.63ms, mfu 2.35%
iter 3890: loss 1.5213, time 9.10ms, mfu 2.48%
iter 3900: loss 1.5124, time 13.05ms, mfu 2.49%
iter 3910: loss 1.5595, time 9.37ms, mfu 2.60%
iter 3920: loss 1.5235, time 12.07ms, mfu 2.61%
iter 3930: loss 1.5214, time 10.04ms, mfu 2.68%
iter 3940: loss 1.5188, time 17.07ms, mfu 2.61%
iter 3950: loss 1.5124, time 23.19ms, mfu 2.49%
iter 3960: loss 1.5503, time 12.92ms, mfu 2.50%
iter 3970: loss 1.4882, time 9.55ms, mfu 2.60%
iter 3980: loss 1.5186, time 9.17ms, mfu 2.70%
iter 3990: loss 1.5172, time 13.52ms, mfu 2.68%
step 4000: train loss 1.3969, val loss 1.5929
saving checkpoint to out-shakespeare-S-split100
iter 4000: loss 1.5252, time 2749.27ms, mfu 2.41%
iter 4010: loss 1.5613, time 24.11ms, mfu 2.31%
iter 4020: loss 1.5112, time 21.38ms, mfu 2.24%
iter 4030: loss 1.5094, time 18.58ms, mfu 2.19%
iter 4040: loss 1.5202, time 16.40ms, mfu 2.18%
iter 4050: loss 1.5467, time 9.22ms, mfu 2.32%
iter 4060: loss 1.5318, time 13.11ms, mfu 2.34%
iter 4070: loss 1.5146, time 22.42ms, mfu 2.26%
iter 4080: loss 1.5353, time 19.85ms, mfu 2.20%
iter 4090: loss 1.5148, time 15.34ms, mfu 2.20%
iter 4100: loss 1.5179, time 9.51ms, mfu 2.33%
iter 4110: loss 1.5378, time 20.16ms, mfu 2.26%
iter 4120: loss 1.5369, time 20.51ms, mfu 2.20%
iter 4130: loss 1.5337, time 9.03ms, mfu 2.35%
iter 4140: loss 1.5011, time 19.95ms, mfu 2.28%
iter 4150: loss 1.5055, time 9.38ms, mfu 2.41%
iter 4160: loss 1.5094, time 9.37ms, mfu 2.52%
iter 4170: loss 1.5089, time 15.05ms, mfu 2.49%
iter 4180: loss 1.5060, time 9.42ms, mfu 2.60%
iter 4190: loss 1.5526, time 19.72ms, mfu 2.50%
iter 4200: loss 1.5168, time 22.38ms, mfu 2.40%
iter 4210: loss 1.5127, time 15.07ms, mfu 2.38%
iter 4220: loss 1.5141, time 12.86ms, mfu 2.40%
iter 4230: loss 1.4950, time 9.27ms, mfu 2.52%
iter 4240: loss 1.5398, time 9.44ms, mfu 2.62%
step 4250: train loss 1.3892, val loss 1.5946
iter 4250: loss 1.5310, time 2740.22ms, mfu 2.36%
iter 4260: loss 1.5109, time 18.68ms, mfu 2.31%
iter 4270: loss 1.5039, time 18.71ms, mfu 2.25%
iter 4280: loss 1.5217, time 24.61ms, mfu 2.16%
iter 4290: loss 1.5256, time 21.02ms, mfu 2.11%
iter 4300: loss 1.5121, time 20.59ms, mfu 2.06%
iter 4310: loss 1.5360, time 23.06ms, mfu 2.00%
iter 4320: loss 1.5266, time 9.52ms, mfu 2.15%
iter 4330: loss 1.5094, time 9.40ms, mfu 2.29%
iter 4340: loss 1.5034, time 19.45ms, mfu 2.23%
iter 4350: loss 1.5143, time 18.05ms, mfu 2.19%
iter 4360: loss 1.4982, time 9.08ms, mfu 2.34%
iter 4370: loss 1.5035, time 19.35ms, mfu 2.28%
iter 4380: loss 1.5333, time 12.99ms, mfu 2.31%
iter 4390: loss 1.5057, time 13.04ms, mfu 2.33%
iter 4400: loss 1.5290, time 24.40ms, mfu 2.23%
iter 4410: loss 1.5148, time 24.21ms, mfu 2.15%
iter 4420: loss 1.5202, time 20.93ms, mfu 2.09%
iter 4430: loss 1.5214, time 22.33ms, mfu 2.03%
iter 4440: loss 1.5239, time 9.37ms, mfu 2.19%
iter 4450: loss 1.5334, time 20.55ms, mfu 2.13%
iter 4460: loss 1.5046, time 21.07ms, mfu 2.07%
iter 4470: loss 1.5168, time 9.14ms, mfu 2.23%
iter 4480: loss 1.5096, time 21.86ms, mfu 2.16%
iter 4490: loss 1.5024, time 15.68ms, mfu 2.16%
step 4500: train loss 1.3838, val loss 1.5872
saving checkpoint to out-shakespeare-S-split100
iter 4500: loss 1.5265, time 2735.34ms, mfu 1.94%
iter 4510: loss 1.4833, time 9.56ms, mfu 2.10%
iter 4520: loss 1.5045, time 8.98ms, mfu 2.26%
iter 4530: loss 1.5132, time 9.72ms, mfu 2.38%
iter 4540: loss 1.5094, time 15.36ms, mfu 2.36%
iter 4550: loss 1.5181, time 8.92ms, mfu 2.49%
iter 4560: loss 1.4959, time 16.06ms, mfu 2.45%
iter 4570: loss 1.5383, time 22.86ms, mfu 2.35%
iter 4580: loss 1.5455, time 19.86ms, mfu 2.29%
iter 4590: loss 1.5241, time 21.76ms, mfu 2.21%
iter 4600: loss 1.5181, time 9.54ms, mfu 2.34%
iter 4610: loss 1.4981, time 20.43ms, mfu 2.27%
iter 4620: loss 1.5038, time 9.37ms, mfu 2.40%
iter 4630: loss 1.5263, time 9.93ms, mfu 2.49%
iter 4640: loss 1.5262, time 15.62ms, mfu 2.46%
iter 4650: loss 1.4925, time 19.88ms, mfu 2.38%
iter 4660: loss 1.5422, time 19.52ms, mfu 2.31%
iter 4670: loss 1.5228, time 9.99ms, mfu 2.41%
iter 4680: loss 1.5032, time 22.79ms, mfu 2.32%
iter 4690: loss 1.4975, time 8.94ms, mfu 2.46%
iter 4700: loss 1.4857, time 9.18ms, mfu 2.58%
iter 4710: loss 1.5084, time 20.83ms, mfu 2.48%
iter 4720: loss 1.5296, time 24.37ms, mfu 2.37%
iter 4730: loss 1.5272, time 9.18ms, mfu 2.49%
iter 4740: loss 1.5212, time 9.23ms, mfu 2.61%
step 4750: train loss 1.3826, val loss 1.5850
saving checkpoint to out-shakespeare-S-split100
iter 4750: loss 1.4818, time 2766.74ms, mfu 2.35%
iter 4760: loss 1.5276, time 10.65ms, mfu 2.43%
iter 4770: loss 1.4946, time 9.40ms, mfu 2.54%
iter 4780: loss 1.5092, time 19.32ms, mfu 2.46%
iter 4790: loss 1.5302, time 25.84ms, mfu 2.34%
iter 4800: loss 1.4839, time 24.24ms, mfu 2.24%
iter 4810: loss 1.4772, time 26.57ms, mfu 2.14%
iter 4820: loss 1.5257, time 9.56ms, mfu 2.28%
iter 4830: loss 1.5292, time 18.30ms, mfu 2.23%
iter 4840: loss 1.5145, time 9.51ms, mfu 2.36%
iter 4850: loss 1.5095, time 19.38ms, mfu 2.30%
iter 4860: loss 1.5130, time 22.44ms, mfu 2.22%
iter 4870: loss 1.4969, time 26.40ms, mfu 2.12%
iter 4880: loss 1.5250, time 9.71ms, mfu 2.25%
iter 4890: loss 1.5024, time 19.81ms, mfu 2.19%
iter 4900: loss 1.5216, time 8.94ms, mfu 2.35%
iter 4910: loss 1.4906, time 20.14ms, mfu 2.28%
iter 4920: loss 1.4996, time 23.83ms, mfu 2.19%
iter 4930: loss 1.4832, time 9.00ms, mfu 2.34%
iter 4940: loss 1.4845, time 22.86ms, mfu 2.25%
iter 4950: loss 1.5333, time 9.22ms, mfu 2.39%
iter 4960: loss 1.5281, time 18.64ms, mfu 2.33%
iter 4970: loss 1.4730, time 23.55ms, mfu 2.24%
iter 4980: loss 1.5145, time 9.14ms, mfu 2.38%
iter 4990: loss 1.5308, time 20.29ms, mfu 2.31%
step 5000: train loss 1.3791, val loss 1.5825
saving checkpoint to out-shakespeare-S-split100
iter 5000: loss 1.5406, time 2750.47ms, mfu 2.08%
Total FLOPS: 407308861440000

Exit code: 0
